WARNING: for repeatability, setting FPU to use double precision
============================[ Problem Statistics ]=============================
|                                                                             |
|  Number of variables:          2948                                         |
|  Number of clauses:            9572                                         |
|  Parse time:                   0.00 s                                       |
|  Eliminated clauses:           0.07 Mb                                      |
|  Simplification time:          0.01 s                                       |
|                                                                             |
============================[ Search Statistics ]==============================
| Conflicts |          ORIGINAL         |          LEARNT          | Progress |
|           |    Vars  Clauses Literals |    Limit  Clauses Lit/Cl |          |
===============================================================================
|       100 |    1538     7347    22926 |     2693      100     30 |  0.034 % |
|       250 |    1538     7347    22926 |     2963      250     24 |  0.034 % |
|       475 |    1538     7347    22926 |     3259      475     26 |  0.034 % |
|       812 |    1538     7347    22926 |     3585      812     27 |  0.034 % |
|      1318 |    1538     7347    22926 |     3944     1318     27 |  0.034 % |
|      2077 |    1538     7347    22926 |     4338     2077     29 |  0.034 % |
|      3216 |    1538     7347    22926 |     4772     3216     30 |  0.034 % |
|      4924 |    1538     7347    22926 |     5249     2519     25 |  0.034 % |
|      7486 |    1538     7347    22926 |     5774     5081     26 |  0.034 % |
|     11330 |    1538     7347    22926 |     6352     3062     24 |  0.034 % |
|     17096 |    1538     7347    22926 |     6987     5552     27 |  0.034 % |
|     25745 |    1538     7347    22926 |     7686     6999     26 |  0.034 % |
|     38719 |    1538     7347    22926 |     8454     4106     26 |  0.034 % |
|     58180 |    1538     7347    22926 |     9300     6228     27 |  0.034 % |
|     87372 |    1538     7347    22926 |    10230     6611     28 |  0.034 % |
|    131161 |    1538     7347    22926 |    11253     8139     26 |  0.034 % |
|    196845 |    1538     7347    22926 |    12378    10875     30 |  0.034 % |
|    295371 |    1538     7347    22926 |    13616     8583     25 |  0.034 % |
|    443160 |    1538     7347    22926 |    14977    10878     29 |  0.034 % |
|    664843 |    1538     7347    22926 |    16475    11890     26 |  0.034 % |
|    997368 |    1538     7347    22926 |    18123     9882     31 |  0.034 % |
|   1496156 |    1538     7347    22926 |    19935    12472     24 |  0.034 % |
|   2244338 |    1538     7347    22926 |    21929    13750     29 |  0.034 % |
|   3366612 |    1538     7347    22926 |    24121    16454     27 |  0.034 % |
|   5050023 |    1538     7347    22926 |    26534    17395     28 |  0.034 % |
|   7575139 |    1538     7347    22926 |    29187    23935     33 |  0.034 % |
|  11362814 |    1538     7347    22926 |    32106    26650     31 |  0.034 % |
|  17044326 |    1538     7347    22926 |    35317    27949     33 |  0.034 % |
|  25566595 |    1538     7347    22926 |    38848    31194     31 |  0.034 % |
|  38349998 |    1538     7347    22926 |    42733    17841     28 |  0.034 % |
|  57525103 |    1534     7327    22874 |    47006    38705     32 |  0.170 % |
===============================================================================
restarts              : 83452
conflicts             : 64696847       (12940 /sec)
decisions             : 81650563       (0.00 % random) (16331 /sec)
propagations          : 14352398627    (2870576 /sec)
conflict literals     : 2316801717     (39.03 % deleted)
Memory used           : 52.49 MB
CPU time              : 4999.83 s

INDETERMINATE
