WARNING: for repeatability, setting FPU to use double precision
============================[ Problem Statistics ]=============================
|                                                                             |
|  Number of variables:          2948                                         |
|  Number of clauses:            9572                                         |
|  Parse time:                   0.00 s                                       |
|  Eliminated clauses:           0.07 Mb                                      |
|  Simplification time:          0.01 s                                       |
|                                                                             |
============================[ Search Statistics ]==============================
| Conflicts |          ORIGINAL         |          LEARNT          | Progress |
|           |    Vars  Clauses Literals |    Limit  Clauses Lit/Cl |          |
===============================================================================
c [oracle-online] mapped shared memory: /home/bent/proiect-minisat/benchmarks/runs/de8c42d50f1dbf43a731f1916dc6bf01-16_16_booth_dadda_mapped_and_and_wallace_origin_bit28_20260212_115029/gpu_run1.shm.bin
|       100 |    1538     7347    22926 |     2693      100     30 |  0.034 % |
|       250 |    1538     7347    22926 |     2963      250     24 |  0.034 % |
|       475 |    1538     7347    22926 |     3259      475     26 |  0.034 % |
|       812 |    1538     7347    22926 |     3585      812     27 |  0.034 % |
|      1318 |    1538     7347    22926 |     3944     1318     27 |  0.034 % |
|      2077 |    1538     7347    22926 |     4338     2077     29 |  0.034 % |
|      3216 |    1538     7347    22926 |     4772     3216     30 |  0.034 % |
|      4924 |    1538     7347    22926 |     5249     2519     25 |  0.034 % |
|      7486 |    1538     7347    22926 |     5774     5081     26 |  0.034 % |
|     11330 |    1538     7347    22926 |     6352     3062     24 |  0.034 % |
|     17096 |    1538     7347    22926 |     6987     5552     27 |  0.034 % |
|     25745 |    1538     7347    22926 |     7686     6999     26 |  0.034 % |
|     38719 |    1538     7347    22926 |     8454     4106     26 |  0.034 % |
|     58180 |    1538     7347    22926 |     9300     6228     27 |  0.034 % |
|     87372 |    1538     7347    22926 |    10230     6611     28 |  0.034 % |
|    131161 |    1538     7347    22926 |    11253     8145     25 |  0.034 % |
|    196845 |    1538     7347    22926 |    12378    10766     31 |  0.034 % |
|    295371 |    1538     7347    22926 |    13616     8561     28 |  0.034 % |
|    443160 |    1538     7347    22926 |    14977    10988     31 |  0.034 % |
|    664843 |    1538     7347    22926 |    16475    11443     27 |  0.034 % |
|    997368 |    1538     7347    22926 |    18123     9817     28 |  0.034 % |
|   1496156 |    1538     7347    22926 |    19935    12840     26 |  0.034 % |
|   2244338 |    1538     7347    22926 |    21929    15259     30 |  0.034 % |
|   3366612 |    1538     7347    22926 |    24121    18021     28 |  0.034 % |
|   5050023 |    1538     7347    22926 |    26534    19171     32 |  0.034 % |
|   7575139 |    1538     7347    22926 |    29187    13491     28 |  0.034 % |
|  11362814 |    1538     7347    22926 |    32106    15821     28 |  0.034 % |
|  17044326 |    1538     7347    22926 |    35317    17721     30 |  0.034 % |
|  25566595 |    1538     7347    22926 |    38848    23049     28 |  0.034 % |
|  38349998 |    1538     7347    22926 |    42733    25577     32 |  0.034 % |
|  57525103 |    1538     7347    22926 |    47006    40434     32 |  0.034 % |
===============================================================================
restarts              : 83965
conflicts             : 65043594       (13010 /sec)
decisions             : 82216729       (0.00 % random) (16445 /sec)
propagations          : 14476331469    (2895513 /sec)
oracle-online reqs    : 63413          (dropped: 107)
oracle-online sched   : submit-conf=1024 submit-dec=8 restart=0
oracle-online hints   : 0              (seen: 0, stale: 0, threshold: 0.05)
oracle-online usage   : 82216729       (hint-available: 0, hint-applied: 0, aggr-overrides: 0)
oracle-online vsids   : rounds=31759 scanned=3090988 bumped=2880206 phase=0 relaxed=0 (every-conf=2048)
conflict literals     : 2336941528     (38.98 % deleted)
Memory used           : 91.84 MB
CPU time              : 4999.57 s

INDETERMINATE
