WARNING: for repeatability, setting FPU to use double precision
============================[ Problem Statistics ]=============================
|                                                                             |
|  Number of variables:           600                                         |
|  Number of clauses:            5404                                         |
|  Parse time:                   0.00 s                                       |
|  Simplification time:          0.00 s                                       |
|                                                                             |
============================[ Search Statistics ]==============================
| Conflicts |          ORIGINAL         |          LEARNT          | Progress |
|           |    Vars  Clauses Literals |    Limit  Clauses Lit/Cl |          |
===============================================================================
|       100 |     600     4444    10328 |     1629      100     32 |  0.000 % |
|       250 |     600     4444    10328 |     1792      250     32 |  0.000 % |
|       475 |     600     4444    10328 |     1971      475     32 |  0.000 % |
|       812 |     600     4444    10328 |     2168      812     35 |  0.000 % |
|      1318 |     600     4444    10328 |     2385     1318     35 |  0.000 % |
|      2077 |     600     4444    10328 |     2624     2077     35 |  0.000 % |
|      3216 |     600     4444    10328 |     2886     1833     30 |  0.000 % |
|      4924 |     600     4444    10328 |     3175     2036     27 |  0.000 % |
|      7486 |     600     4444    10328 |     3492     2969     30 |  0.000 % |
|     11330 |     600     4444    10328 |     3842     3280     28 |  0.000 % |
|     17096 |     600     4444    10328 |     4226     3145     29 |  0.000 % |
|     25745 |     600     4444    10328 |     4649     3146     25 |  0.000 % |
|     38719 |     600     4444    10328 |     5113     4281     30 |  0.000 % |
|     58180 |     600     4444    10328 |     5625     2835     23 |  0.000 % |
|     87372 |     600     4444    10328 |     6187     3322     28 |  0.000 % |
|    131161 |     600     4444    10328 |     6806     6137     30 |  0.000 % |
|    196845 |     600     4444    10328 |     7487     6394     33 |  0.000 % |
|    295371 |     600     4444    10328 |     8236     6074     30 |  0.000 % |
|    443160 |     600     4444    10328 |     9059     7632     32 |  0.000 % |
|    664843 |     600     4444    10328 |     9965     4560     25 |  0.000 % |
|    997368 |     600     4444    10328 |    10962     9263     32 |  0.000 % |
|   1496156 |     600     4444    10328 |    12058     9818     31 |  0.000 % |
|   2244338 |     600     4444    10328 |    13264     9492     33 |  0.000 % |
|   3366612 |     600     4444    10328 |    14590     7681     28 |  0.000 % |
|   5050023 |     600     4444    10328 |    16049    13849     36 |  0.000 % |
|   7575139 |     600     4444    10328 |    17654    15884     32 |  0.000 % |
|  11362814 |     600     4444    10328 |    19420    16362     35 |  0.000 % |
|  17044326 |     600     4444    10328 |    21362    10002     29 |  0.000 % |
|  25566595 |     600     4444    10328 |    23498    11606     32 |  0.000 % |
===============================================================================
restarts              : 47100
conflicts             : 33427754       (15060 /sec)
decisions             : 42643751       (0.00 % random) (19212 /sec)
propagations          : 3933684584     (1772239 /sec)
conflict literals     : 1307287215     (24.12 % deleted)
Memory used           : 48.08 MB
CPU time              : 2219.61 s

SATISFIABLE
