WARNING: for repeatability, setting FPU to use double precision
============================[ Problem Statistics ]=============================
|                                                                             |
|  Number of variables:           600                                         |
|  Number of clauses:            5404                                         |
|  Parse time:                   0.00 s                                       |
|  Simplification time:          0.00 s                                       |
|                                                                             |
============================[ Search Statistics ]==============================
| Conflicts |          ORIGINAL         |          LEARNT          | Progress |
|           |    Vars  Clauses Literals |    Limit  Clauses Lit/Cl |          |
===============================================================================
c [oracle-online] mapped shared memory: /home/bent/proiect-minisat/benchmarks/runs/ca3c65a863526793968fc30618a42709-case16.normalised_20260212_104357/gpu_run1.shm.bin
|       100 |     600     4444    10328 |     1629      100     32 |  0.000 % |
|       250 |     600     4444    10328 |     1792      250     32 |  0.000 % |
|       475 |     600     4444    10328 |     1971      475     32 |  0.000 % |
|       812 |     600     4444    10328 |     2168      812     35 |  0.000 % |
|      1318 |     600     4444    10328 |     2385     1318     35 |  0.000 % |
|      2077 |     600     4444    10328 |     2624     2077     35 |  0.000 % |
|      3216 |     600     4444    10328 |     2886     1833     30 |  0.000 % |
|      4924 |     600     4444    10328 |     3175     2036     27 |  0.000 % |
|      7486 |     600     4444    10328 |     3492     2969     30 |  0.000 % |
|     11330 |     600     4444    10328 |     3842     3280     28 |  0.000 % |
|     17096 |     600     4444    10328 |     4226     3145     29 |  0.000 % |
|     25745 |     600     4444    10328 |     4649     3146     25 |  0.000 % |
|     38719 |     600     4444    10328 |     5113     4281     30 |  0.000 % |
|     58180 |     600     4444    10328 |     5625     2835     23 |  0.000 % |
|     87372 |     600     4444    10328 |     6187     3322     28 |  0.000 % |
|    131161 |     600     4444    10328 |     6806     6137     30 |  0.000 % |
|    196845 |     600     4444    10328 |     7487     6394     33 |  0.000 % |
|    295371 |     600     4444    10328 |     8236     6074     30 |  0.000 % |
|    443160 |     600     4444    10328 |     9059     7632     32 |  0.000 % |
|    664843 |     600     4444    10328 |     9965     4560     25 |  0.000 % |
|    997368 |     600     4444    10328 |    10962     9263     32 |  0.000 % |
|   1496156 |     600     4444    10328 |    12058     9818     31 |  0.000 % |
|   2244338 |     600     4444    10328 |    13264     9492     33 |  0.000 % |
|   3366612 |     600     4444    10328 |    14590     7681     28 |  0.000 % |
|   5050023 |     600     4444    10328 |    16049    13849     36 |  0.000 % |
|   7575139 |     600     4444    10328 |    17654     8405     27 |  0.000 % |
|  11362814 |     600     4444    10328 |    19420    17488     38 |  0.000 % |
|  17044326 |     600     4444    10328 |    21362    11150     33 |  0.000 % |
===============================================================================
restarts              : 32766
conflicts             : 22680144       (15623 /sec)
decisions             : 29098868       (0.00 % random) (20044 /sec)
propagations          : 2669804689     (1839012 /sec)
oracle-online reqs    : 22149          (dropped: 0)
oracle-online sched   : submit-conf=1024 submit-dec=8 restart=0
oracle-online hints   : 0              (seen: 0, stale: 0, threshold: 0.05)
oracle-online usage   : 29098867       (hint-available: 0, hint-applied: 0, aggr-overrides: 0)
oracle-online vsids   : rounds=11074 scanned=1061115 bumped=1058082 phase=0 relaxed=0 (every-conf=2048)
conflict literals     : 883822889      (23.87 % deleted)
Memory used           : 82.45 MB
CPU time              : 1451.76 s

SATISFIABLE
