WARNING: for repeatability, setting FPU to use double precision
============================[ Problem Statistics ]=============================
|                                                                             |
|  Number of variables:        213268                                         |
|  Number of clauses:          660028                                         |
|  Parse time:                   0.19 s                                       |
|  Eliminated clauses:           3.16 Mb                                      |
|  Simplification time:          0.85 s                                       |
|                                                                             |
============================[ Search Statistics ]==============================
| Conflicts |          ORIGINAL         |          LEARNT          | Progress |
|           |    Vars  Clauses Literals |    Limit  Clauses Lit/Cl |          |
===============================================================================
|       100 |  108808   518308  1696219 |   190046       95     30 |  1.879 % |
|       250 |  108808   518308  1696219 |   209050      245     25 |  1.879 % |
|       475 |  108807   518308  1696219 |   229955      469     21 |  1.880 % |
|       812 |  108806   518287  1696177 |   252951      805     19 |  1.880 % |
|      1318 |  108806   518287  1696177 |   278246     1311     18 |  1.880 % |
|      2077 |  108806   518287  1696177 |   306071     2070     20 |  1.880 % |
|      3216 |  108805   518284  1696171 |   336678     3208     21 |  1.881 % |
|      4924 |  108804   518281  1696165 |   370346     4915     21 |  1.881 % |
|      7486 |  108803   518278  1696157 |   407381     7475     28 |  1.882 % |
|     11330 |  108803   518278  1696157 |   448119    11319     39 |  1.882 % |
|     17096 |  108803   518278  1696157 |   492931    17085     39 |  1.882 % |
|     25745 |  108803   518278  1696157 |   542224    25734     44 |  1.882 % |
|     38719 |  108803   518278  1696157 |   596446    38708     55 |  1.882 % |
|     58180 |  108803   518278  1696157 |   656091    58169     61 |  1.882 % |
|     87372 |  108803   518278  1696157 |   721700    87361     67 |  1.882 % |
|    131161 |  108803   518278  1696157 |   793870   131150     80 |  1.882 % |
|    196845 |  108801   518272  1696145 |   873257   196832     99 |  1.883 % |
===============================================================================
restarts              : 574
conflicts             : 248397         (5707 /sec)
decisions             : 13938387       (0.00 % random) (320223 /sec)
propagations          : 123989183      (2848547 /sec)
conflict literals     : 29151871       (5.31 % deleted)
Memory used           : 232.66 MB
CPU time              : 43.5272 s

SATISFIABLE
